
> build
> vite build

vite v7.3.1 building client environment for production...
transforming...
✓ 5 modules transformed.
✗ Build failed in 4.15s
error during build:
[vite:react-babel] /home/zhafier/Documents/SKORGE/resources/js/pages/admin/users.tsx: Expected corresponding JSX closing tag for <motion.div>. (354:12)

  352 |                     </div>
  353 |                 )}
> 354 |             </div>
      |             ^
  355 |         </AppLayout>
  356 |     );
  357 | }
file: /home/zhafier/Documents/SKORGE/resources/js/pages/admin/users.tsx:354:12
    at constructor (/home/zhafier/Documents/SKORGE/node_modules/@babel/parser/lib/index.js:365:19)
    at TypeScriptParserMixin.raise (/home/zhafier/Documents/SKORGE/node_modules/@babel/parser/lib/index.js:6599:19)
    at TypeScriptParserMixin.jsxParseElementAt (/home/zhafier/Documents/SKORGE/node_modules/@babel/parser/lib/index.js:4727:16)
    at TypeScriptParserMixin.jsxParseElementAt (/home/zhafier/Documents/SKORGE/node_modules/@babel/parser/lib/index.js:4698:32)
    at TypeScriptParserMixin.jsxParseElement (/home/zhafier/Documents/SKORGE/node_modules/@babel/parser/lib/index.js:4749:17)
    at TypeScriptParserMixin.parseExprAtom (/home/zhafier/Documents/SKORGE/node_modules/@babel/parser/lib/index.js:4759:19)
    at TypeScriptParserMixin.parseExprSubscripts (/home/zhafier/Documents/SKORGE/node_modules/@babel/parser/lib/index.js:11081:23)
    at TypeScriptParserMixin.parseUpdate (/home/zhafier/Documents/SKORGE/node_modules/@babel/parser/lib/index.js:11066:21)
    at TypeScriptParserMixin.parseMaybeUnary (/home/zhafier/Documents/SKORGE/node_modules/@babel/parser/lib/index.js:11046:23)
    at TypeScriptParserMixin.parseMaybeUnary (/home/zhafier/Documents/SKORGE/node_modules/@babel/parser/lib/index.js:9837:18)
    at TypeScriptParserMixin.parseMaybeUnaryOrPrivate (/home/zhafier/Documents/SKORGE/node_modules/@babel/parser/lib/index.js:10899:61)
    at TypeScriptParserMixin.parseExprOps (/home/zhafier/Documents/SKORGE/node_modules/@babel/parser/lib/index.js:10904:23)
    at TypeScriptParserMixin.parseMaybeConditional (/home/zhafier/Documents/SKORGE/node_modules/@babel/parser/lib/index.js:10881:23)
    at TypeScriptParserMixin.parseMaybeAssign (/home/zhafier/Documents/SKORGE/node_modules/@babel/parser/lib/index.js:10831:21)
    at /home/zhafier/Documents/SKORGE/node_modules/@babel/parser/lib/index.js:9775:39
    at TypeScriptParserMixin.tryParse (/home/zhafier/Documents/SKORGE/node_modules/@babel/parser/lib/index.js:6907:20)
    at TypeScriptParserMixin.parseMaybeAssign (/home/zhafier/Documents/SKORGE/node_modules/@babel/parser/lib/index.js:9775:18)
    at /home/zhafier/Documents/SKORGE/node_modules/@babel/parser/lib/index.js:10800:39
    at TypeScriptParserMixin.allowInAnd (/home/zhafier/Documents/SKORGE/node_modules/@babel/parser/lib/index.js:12426:12)
    at TypeScriptParserMixin.parseMaybeAssignAllowIn (/home/zhafier/Documents/SKORGE/node_modules/@babel/parser/lib/index.js:10800:17)
    at TypeScriptParserMixin.parseMaybeAssignAllowInOrVoidPattern (/home/zhafier/Documents/SKORGE/node_modules/@babel/parser/lib/index.js:12493:17)
    at TypeScriptParserMixin.parseParenAndDistinguishExpression (/home/zhafier/Documents/SKORGE/node_modules/@babel/parser/lib/index.js:11675:28)
    at TypeScriptParserMixin.parseExprAtom (/home/zhafier/Documents/SKORGE/node_modules/@babel/parser/lib/index.js:11331:23)
    at TypeScriptParserMixin.parseExprAtom (/home/zhafier/Documents/SKORGE/node_modules/@babel/parser/lib/index.js:4764:20)
    at TypeScriptParserMixin.parseExprSubscripts (/home/zhafier/Documents/SKORGE/node_modules/@babel/parser/lib/index.js:11081:23)
    at TypeScriptParserMixin.parseUpdate (/home/zhafier/Documents/SKORGE/node_modules/@babel/parser/lib/index.js:11066:21)
    at TypeScriptParserMixin.parseMaybeUnary (/home/zhafier/Documents/SKORGE/node_modules/@babel/parser/lib/index.js:11046:23)
    at TypeScriptParserMixin.parseMaybeUnary (/home/zhafier/Documents/SKORGE/node_modules/@babel/parser/lib/index.js:9837:18)
    at TypeScriptParserMixin.parseMaybeUnaryOrPrivate (/home/zhafier/Documents/SKORGE/node_modules/@babel/parser/lib/index.js:10899:61)
    at TypeScriptParserMixin.parseExprOps (/home/zhafier/Documents/SKORGE/node_modules/@babel/parser/lib/index.js:10904:23)
    at TypeScriptParserMixin.parseMaybeConditional (/home/zhafier/Documents/SKORGE/node_modules/@babel/parser/lib/index.js:10881:23)
    at TypeScriptParserMixin.parseMaybeAssign (/home/zhafier/Documents/SKORGE/node_modules/@babel/parser/lib/index.js:10831:21)
    at TypeScriptParserMixin.parseMaybeAssign (/home/zhafier/Documents/SKORGE/node_modules/@babel/parser/lib/index.js:9786:20)
    at TypeScriptParserMixin.parseExpressionBase (/home/zhafier/Documents/SKORGE/node_modules/@babel/parser/lib/index.js:10784:23)
    at /home/zhafier/Documents/SKORGE/node_modules/@babel/parser/lib/index.js:10780:39
    at TypeScriptParserMixin.allowInAnd (/home/zhafier/Documents/SKORGE/node_modules/@babel/parser/lib/index.js:12421:16)
    at TypeScriptParserMixin.parseExpression (/home/zhafier/Documents/SKORGE/node_modules/@babel/parser/lib/index.js:10780:17)
    at TypeScriptParserMixin.parseReturnStatement (/home/zhafier/Documents/SKORGE/node_modules/@babel/parser/lib/index.js:13142:28)
    at TypeScriptParserMixin.parseStatementContent (/home/zhafier/Documents/SKORGE/node_modules/@babel/parser/lib/index.js:12798:21)
    at TypeScriptParserMixin.parseStatementContent (/home/zhafier/Documents/SKORGE/node_modules/@babel/parser/lib/index.js:9508:18)
    at TypeScriptParserMixin.parseStatementLike (/home/zhafier/Documents/SKORGE/node_modules/@babel/parser/lib/index.js:12767:17)
    at TypeScriptParserMixin.parseStatementListItem (/home/zhafier/Documents/SKORGE/node_modules/@babel/parser/lib/index.js:12747:17)
    at TypeScriptParserMixin.parseBlockOrModuleBlockBody (/home/zhafier/Documents/SKORGE/node_modules/@babel/parser/lib/index.js:13316:61)
    at TypeScriptParserMixin.parseBlockBody (/home/zhafier/Documents/SKORGE/node_modules/@babel/parser/lib/index.js:13309:10)
    at TypeScriptParserMixin.parseBlock (/home/zhafier/Documents/SKORGE/node_modules/@babel/parser/lib/index.js:13297:10)
    at TypeScriptParserMixin.parseFunctionBody (/home/zhafier/Documents/SKORGE/node_modules/@babel/parser/lib/index.js:12100:24)
    at TypeScriptParserMixin.parseFunctionBodyAndFinish (/home/zhafier/Documents/SKORGE/node_modules/@babel/parser/lib/index.js:12086:10)
    at TypeScriptParserMixin.parseFunctionBodyAndFinish (/home/zhafier/Documents/SKORGE/node_modules/@babel/parser/lib/index.js:9172:18)
    at /home/zhafier/Documents/SKORGE/node_modules/@babel/parser/lib/index.js:13445:12
    at TypeScriptParserMixin.withSmartMixTopicForbiddingContext (/home/zhafier/Documents/SKORGE/node_modules/@babel/parser/lib/index.js:12403:14)
